Archive member included to satisfy reference by file (symbol)

c:/ctools/avr-gcc_12.1.0_64bit/bin/../lib/gcc/avr/12.1.0/avr5\libgcc.a(_exit.o)
                              c:/ctools/avr-gcc_12.1.0_64bit/bin/../lib/gcc/avr/12.1.0/../../../../avr/lib/avr5/crtatmega328p.o (exit)
c:/ctools/avr-gcc_12.1.0_64bit/bin/../lib/gcc/avr/12.1.0/../../../../avr/lib/avr5\libm.a(cmpsf2.o)
                              ./main.o (__ltsf2)
c:/ctools/avr-gcc_12.1.0_64bit/bin/../lib/gcc/avr/12.1.0/../../../../avr/lib/avr5\libm.a(fixunssfsi.o)
                              ./main.o (__fixunssfsi)
c:/ctools/avr-gcc_12.1.0_64bit/bin/../lib/gcc/avr/12.1.0/../../../../avr/lib/avr5\libm.a(fp_cmp.o)
                              c:/ctools/avr-gcc_12.1.0_64bit/bin/../lib/gcc/avr/12.1.0/../../../../avr/lib/avr5\libm.a(cmpsf2.o) (__fp_cmp)
c:/ctools/avr-gcc_12.1.0_64bit/bin/../lib/gcc/avr/12.1.0/../../../../avr/lib/avr5\libm.a(fp_split3.o)
                              c:/ctools/avr-gcc_12.1.0_64bit/bin/../lib/gcc/avr/12.1.0/../../../../avr/lib/avr5\libm.a(fixunssfsi.o) (__fp_splitA)
c:/ctools/avr-gcc_12.1.0_64bit/bin/../lib/gcc/avr/12.1.0/../../../../avr/lib/avr5\libm.a(fp_zero.o)
                              c:/ctools/avr-gcc_12.1.0_64bit/bin/../lib/gcc/avr/12.1.0/../../../../avr/lib/avr5\libm.a(fixunssfsi.o) (__fp_zero)
c:/ctools/avr-gcc_12.1.0_64bit/bin/../lib/gcc/avr/12.1.0/../../../../avr/lib/avr5\libm.a(gesf2.o)
                              ./main.o (__gtsf2)
c:/ctools/avr-gcc_12.1.0_64bit/bin/../lib/gcc/avr/12.1.0/../../../../avr/lib/avr5\libm.a(mulsf3.o)
                              ./main.o (__mulsf3)
c:/ctools/avr-gcc_12.1.0_64bit/bin/../lib/gcc/avr/12.1.0/../../../../avr/lib/avr5\libm.a(mulsf3x.o)
                              c:/ctools/avr-gcc_12.1.0_64bit/bin/../lib/gcc/avr/12.1.0/../../../../avr/lib/avr5\libm.a(mulsf3.o) (__mulsf3x)
c:/ctools/avr-gcc_12.1.0_64bit/bin/../lib/gcc/avr/12.1.0/../../../../avr/lib/avr5\libm.a(fp_inf.o)
                              c:/ctools/avr-gcc_12.1.0_64bit/bin/../lib/gcc/avr/12.1.0/../../../../avr/lib/avr5\libm.a(mulsf3x.o) (__fp_inf)
c:/ctools/avr-gcc_12.1.0_64bit/bin/../lib/gcc/avr/12.1.0/../../../../avr/lib/avr5\libm.a(fp_nan.o)
                              c:/ctools/avr-gcc_12.1.0_64bit/bin/../lib/gcc/avr/12.1.0/../../../../avr/lib/avr5\libm.a(mulsf3x.o) (__fp_nan)
c:/ctools/avr-gcc_12.1.0_64bit/bin/../lib/gcc/avr/12.1.0/../../../../avr/lib/avr5\libm.a(fp_pscA.o)
                              c:/ctools/avr-gcc_12.1.0_64bit/bin/../lib/gcc/avr/12.1.0/../../../../avr/lib/avr5\libm.a(mulsf3x.o) (__fp_pscA)
c:/ctools/avr-gcc_12.1.0_64bit/bin/../lib/gcc/avr/12.1.0/../../../../avr/lib/avr5\libm.a(fp_pscB.o)
                              c:/ctools/avr-gcc_12.1.0_64bit/bin/../lib/gcc/avr/12.1.0/../../../../avr/lib/avr5\libm.a(mulsf3x.o) (__fp_pscB)
c:/ctools/avr-gcc_12.1.0_64bit/bin/../lib/gcc/avr/12.1.0/../../../../avr/lib/avr5\libm.a(fp_round.o)
                              c:/ctools/avr-gcc_12.1.0_64bit/bin/../lib/gcc/avr/12.1.0/../../../../avr/lib/avr5\libm.a(mulsf3.o) (__fp_round)

Memory Configuration

Name             Origin             Length             Attributes
text             0x0000000000000000 0x0000000000020000 xr
data             0x0000000000800060 0x000000000000ffa0 rw !x
eeprom           0x0000000000810000 0x0000000000010000 rw !x
fuse             0x0000000000820000 0x0000000000000003 rw !x
lock             0x0000000000830000 0x0000000000000400 rw !x
signature        0x0000000000840000 0x0000000000000400 rw !x
user_signatures  0x0000000000850000 0x0000000000000400 rw !x
*default*        0x0000000000000000 0xffffffffffffffff

Linker script and memory map

Address of section .data set to 0x800100
LOAD c:/ctools/avr-gcc_12.1.0_64bit/bin/../lib/gcc/avr/12.1.0/../../../../avr/lib/avr5/crtatmega328p.o
LOAD ./main.o
START GROUP
LOAD c:/ctools/avr-gcc_12.1.0_64bit/bin/../lib/gcc/avr/12.1.0/avr5\libgcc.a
LOAD c:/ctools/avr-gcc_12.1.0_64bit/bin/../lib/gcc/avr/12.1.0/../../../../avr/lib/avr5\libm.a
LOAD c:/ctools/avr-gcc_12.1.0_64bit/bin/../lib/gcc/avr/12.1.0/../../../../avr/lib/avr5\libc.a
LOAD c:/ctools/avr-gcc_12.1.0_64bit/bin/../lib/gcc/avr/12.1.0/../../../../avr/lib/avr5\libatmega328p.a
END GROUP
                0x0000000000020000                __TEXT_REGION_LENGTH__ = DEFINED (__TEXT_REGION_LENGTH__)?__TEXT_REGION_LENGTH__:0x20000
                0x000000000000ffa0                __DATA_REGION_LENGTH__ = DEFINED (__DATA_REGION_LENGTH__)?__DATA_REGION_LENGTH__:0xffa0
                0x0000000000010000                __EEPROM_REGION_LENGTH__ = DEFINED (__EEPROM_REGION_LENGTH__)?__EEPROM_REGION_LENGTH__:0x10000
                [0x0000000000000003]                __FUSE_REGION_LENGTH__ = DEFINED (__FUSE_REGION_LENGTH__)?__FUSE_REGION_LENGTH__:0x400
                0x0000000000000400                __LOCK_REGION_LENGTH__ = DEFINED (__LOCK_REGION_LENGTH__)?__LOCK_REGION_LENGTH__:0x400
                0x0000000000000400                __SIGNATURE_REGION_LENGTH__ = DEFINED (__SIGNATURE_REGION_LENGTH__)?__SIGNATURE_REGION_LENGTH__:0x400
                0x0000000000000400                __USER_SIGNATURE_REGION_LENGTH__ = DEFINED (__USER_SIGNATURE_REGION_LENGTH__)?__USER_SIGNATURE_REGION_LENGTH__:0x400

.hash
 *(.hash)

.dynsym
 *(.dynsym)

.dynstr
 *(.dynstr)

.gnu.version
 *(.gnu.version)

.gnu.version_d
 *(.gnu.version_d)

.gnu.version_r
 *(.gnu.version_r)

.rel.init
 *(.rel.init)

.rela.init
 *(.rela.init)

.rel.text
 *(.rel.text)
 *(.rel.text.*)
 *(.rel.gnu.linkonce.t*)

.rela.text
 *(.rela.text)
 *(.rela.text.*)
 *(.rela.gnu.linkonce.t*)

.rel.fini
 *(.rel.fini)

.rela.fini
 *(.rela.fini)

.rel.rodata
 *(.rel.rodata)
 *(.rel.rodata.*)
 *(.rel.gnu.linkonce.r*)

.rela.rodata
 *(.rela.rodata)
 *(.rela.rodata.*)
 *(.rela.gnu.linkonce.r*)

.rel.data
 *(.rel.data)
 *(.rel.data.*)
 *(.rel.gnu.linkonce.d*)

.rela.data
 *(.rela.data)
 *(.rela.data.*)
 *(.rela.gnu.linkonce.d*)

.rel.ctors
 *(.rel.ctors)

.rela.ctors
 *(.rela.ctors)

.rel.dtors
 *(.rel.dtors)

.rela.dtors
 *(.rela.dtors)

.rel.got
 *(.rel.got)

.rela.got
 *(.rela.got)

.rel.bss
 *(.rel.bss)

.rela.bss
 *(.rela.bss)

.rel.plt
 *(.rel.plt)

.rela.plt
 *(.rela.plt)

.text           0x0000000000000000      0x554
 *(.vectors)
 .vectors       0x0000000000000000       0x68 c:/ctools/avr-gcc_12.1.0_64bit/bin/../lib/gcc/avr/12.1.0/../../../../avr/lib/avr5/crtatmega328p.o
                0x0000000000000000                __vector_default
                0x0000000000000000                __vectors
 *(.vectors)
 *(.progmem.gcc*)
                0x0000000000000068                . = ALIGN (0x2)
                0x0000000000000068                __trampolines_start = .
 *(.trampolines)
 .trampolines   0x0000000000000068        0x0 linker stubs
 *(.trampolines*)
                0x0000000000000068                __trampolines_end = .
 *libprintf_flt.a:*(.progmem.data)
 *libc.a:*(.progmem.data)
 *(.progmem.*)
                0x0000000000000068                . = ALIGN (0x2)
 *(.lowtext)
 *(.lowtext*)
                0x0000000000000068                __ctors_start = .
 *(.ctors)
                0x0000000000000068                __ctors_end = .
                0x0000000000000068                __dtors_start = .
 *(.dtors)
                0x0000000000000068                __dtors_end = .
 SORT_BY_NAME(*)(.ctors)
 SORT_BY_NAME(*)(.dtors)
 *(.init0)
 .init0         0x0000000000000068        0x0 c:/ctools/avr-gcc_12.1.0_64bit/bin/../lib/gcc/avr/12.1.0/../../../../avr/lib/avr5/crtatmega328p.o
                0x0000000000000068                __init
 *(.init0)
 *(.init1)
 *(.init1)
 *(.init2)
 .init2         0x0000000000000068        0xc c:/ctools/avr-gcc_12.1.0_64bit/bin/../lib/gcc/avr/12.1.0/../../../../avr/lib/avr5/crtatmega328p.o
 *(.init2)
 *(.init3)
 *(.init3)
 *(.init4)
 *(.init4)
 *(.init5)
 *(.init5)
 *(.init6)
 *(.init6)
 *(.init7)
 *(.init7)
 *(.init8)
 *(.init8)
 *(.init9)
 .init9         0x0000000000000074        0x8 c:/ctools/avr-gcc_12.1.0_64bit/bin/../lib/gcc/avr/12.1.0/../../../../avr/lib/avr5/crtatmega328p.o
 *(.init9)
 *(.text)
 .text          0x000000000000007c        0x4 c:/ctools/avr-gcc_12.1.0_64bit/bin/../lib/gcc/avr/12.1.0/../../../../avr/lib/avr5/crtatmega328p.o
                0x000000000000007c                __vector_22
                0x000000000000007c                __vector_1
                0x000000000000007c                __vector_24
                0x000000000000007c                __vector_12
                0x000000000000007c                __bad_interrupt
                0x000000000000007c                __vector_6
                0x000000000000007c                __vector_3
                0x000000000000007c                __vector_23
                0x000000000000007c                __vector_25
                0x000000000000007c                __vector_11
                0x000000000000007c                __vector_13
                0x000000000000007c                __vector_17
                0x000000000000007c                __vector_19
                0x000000000000007c                __vector_7
                0x000000000000007c                __vector_5
                0x000000000000007c                __vector_4
                0x000000000000007c                __vector_9
                0x000000000000007c                __vector_2
                0x000000000000007c                __vector_21
                0x000000000000007c                __vector_15
                0x000000000000007c                __vector_8
                0x000000000000007c                __vector_14
                0x000000000000007c                __vector_10
                0x000000000000007c                __vector_16
                0x000000000000007c                __vector_18
                0x000000000000007c                __vector_20
 .text          0x0000000000000080        0x0 ./main.o
 .text          0x0000000000000080        0x0 c:/ctools/avr-gcc_12.1.0_64bit/bin/../lib/gcc/avr/12.1.0/avr5\libgcc.a(_exit.o)
 .text          0x0000000000000080        0x0 c:/ctools/avr-gcc_12.1.0_64bit/bin/../lib/gcc/avr/12.1.0/../../../../avr/lib/avr5\libm.a(cmpsf2.o)
 .text          0x0000000000000080        0x0 c:/ctools/avr-gcc_12.1.0_64bit/bin/../lib/gcc/avr/12.1.0/../../../../avr/lib/avr5\libm.a(fixunssfsi.o)
 .text          0x0000000000000080        0x0 c:/ctools/avr-gcc_12.1.0_64bit/bin/../lib/gcc/avr/12.1.0/../../../../avr/lib/avr5\libm.a(fp_cmp.o)
 .text          0x0000000000000080        0x0 c:/ctools/avr-gcc_12.1.0_64bit/bin/../lib/gcc/avr/12.1.0/../../../../avr/lib/avr5\libm.a(fp_split3.o)
 .text          0x0000000000000080        0x0 c:/ctools/avr-gcc_12.1.0_64bit/bin/../lib/gcc/avr/12.1.0/../../../../avr/lib/avr5\libm.a(fp_zero.o)
 .text          0x0000000000000080        0x0 c:/ctools/avr-gcc_12.1.0_64bit/bin/../lib/gcc/avr/12.1.0/../../../../avr/lib/avr5\libm.a(gesf2.o)
 .text          0x0000000000000080        0x0 c:/ctools/avr-gcc_12.1.0_64bit/bin/../lib/gcc/avr/12.1.0/../../../../avr/lib/avr5\libm.a(mulsf3.o)
 .text          0x0000000000000080        0x0 c:/ctools/avr-gcc_12.1.0_64bit/bin/../lib/gcc/avr/12.1.0/../../../../avr/lib/avr5\libm.a(mulsf3x.o)
 .text          0x0000000000000080        0x0 c:/ctools/avr-gcc_12.1.0_64bit/bin/../lib/gcc/avr/12.1.0/../../../../avr/lib/avr5\libm.a(fp_inf.o)
 .text          0x0000000000000080        0x0 c:/ctools/avr-gcc_12.1.0_64bit/bin/../lib/gcc/avr/12.1.0/../../../../avr/lib/avr5\libm.a(fp_nan.o)
 .text          0x0000000000000080        0x0 c:/ctools/avr-gcc_12.1.0_64bit/bin/../lib/gcc/avr/12.1.0/../../../../avr/lib/avr5\libm.a(fp_pscA.o)
 .text          0x0000000000000080        0x0 c:/ctools/avr-gcc_12.1.0_64bit/bin/../lib/gcc/avr/12.1.0/../../../../avr/lib/avr5\libm.a(fp_pscB.o)
 .text          0x0000000000000080        0x0 c:/ctools/avr-gcc_12.1.0_64bit/bin/../lib/gcc/avr/12.1.0/../../../../avr/lib/avr5\libm.a(fp_round.o)
                0x0000000000000080                . = ALIGN (0x2)
 *(.text.*)
 .text.main     0x0000000000000080      0x29a ./main.o
                0x0000000000000080                main
 .text.libgcc.mul
                0x000000000000031a        0x0 c:/ctools/avr-gcc_12.1.0_64bit/bin/../lib/gcc/avr/12.1.0/avr5\libgcc.a(_exit.o)
 .text.libgcc.div
                0x000000000000031a        0x0 c:/ctools/avr-gcc_12.1.0_64bit/bin/../lib/gcc/avr/12.1.0/avr5\libgcc.a(_exit.o)
 .text.libgcc   0x000000000000031a        0x0 c:/ctools/avr-gcc_12.1.0_64bit/bin/../lib/gcc/avr/12.1.0/avr5\libgcc.a(_exit.o)
 .text.libgcc.prologue
                0x000000000000031a        0x0 c:/ctools/avr-gcc_12.1.0_64bit/bin/../lib/gcc/avr/12.1.0/avr5\libgcc.a(_exit.o)
 .text.libgcc.builtins
                0x000000000000031a        0x0 c:/ctools/avr-gcc_12.1.0_64bit/bin/../lib/gcc/avr/12.1.0/avr5\libgcc.a(_exit.o)
 .text.libgcc.fmul
                0x000000000000031a        0x0 c:/ctools/avr-gcc_12.1.0_64bit/bin/../lib/gcc/avr/12.1.0/avr5\libgcc.a(_exit.o)
 .text.libgcc.fixed
                0x000000000000031a        0x0 c:/ctools/avr-gcc_12.1.0_64bit/bin/../lib/gcc/avr/12.1.0/avr5\libgcc.a(_exit.o)
 .text.avr-libc.fplib
                0x000000000000031a        0xa c:/ctools/avr-gcc_12.1.0_64bit/bin/../lib/gcc/avr/12.1.0/../../../../avr/lib/avr5\libm.a(cmpsf2.o)
                0x000000000000031a                __nesf2
                0x000000000000031a                __eqsf2
                0x000000000000031a                __cmpsf2
                0x000000000000031a                __ltsf2
                0x000000000000031a                __lesf2
 .text.avr-libc.fplib
                0x0000000000000324       0x5e c:/ctools/avr-gcc_12.1.0_64bit/bin/../lib/gcc/avr/12.1.0/../../../../avr/lib/avr5\libm.a(fixunssfsi.o)
                0x0000000000000324                __fixunssfsi
 .text.avr-libc.fplib
                0x0000000000000382       0x48 c:/ctools/avr-gcc_12.1.0_64bit/bin/../lib/gcc/avr/12.1.0/../../../../avr/lib/avr5\libm.a(fp_cmp.o)
                0x0000000000000382                __fp_cmp
 .text.avr-libc.fplib
                0x00000000000003ca       0x44 c:/ctools/avr-gcc_12.1.0_64bit/bin/../lib/gcc/avr/12.1.0/../../../../avr/lib/avr5\libm.a(fp_split3.o)
                0x00000000000003ca                __fp_split3
                0x00000000000003da                __fp_splitA
 .text.avr-libc.fplib
                0x000000000000040e        0xe c:/ctools/avr-gcc_12.1.0_64bit/bin/../lib/gcc/avr/12.1.0/../../../../avr/lib/avr5\libm.a(fp_zero.o)
                0x000000000000040e                __fp_zero
                0x0000000000000410                __fp_szero
 .text.avr-libc.fplib
                0x000000000000041c        0xa c:/ctools/avr-gcc_12.1.0_64bit/bin/../lib/gcc/avr/12.1.0/../../../../avr/lib/avr5\libm.a(gesf2.o)
                0x000000000000041c                __gesf2
                0x000000000000041c                __gtsf2
 .text.avr-libc.fplib
                0x0000000000000426        0x8 c:/ctools/avr-gcc_12.1.0_64bit/bin/../lib/gcc/avr/12.1.0/../../../../avr/lib/avr5\libm.a(mulsf3.o)
                0x0000000000000426                __mulsf3
 .text.avr-libc.fplib
                0x000000000000042e       0xd2 c:/ctools/avr-gcc_12.1.0_64bit/bin/../lib/gcc/avr/12.1.0/../../../../avr/lib/avr5\libm.a(mulsf3x.o)
                0x000000000000044c                __mulsf3x
                0x0000000000000452                __mulsf3_pse
 .text.avr-libc.fplib
                0x0000000000000500        0xc c:/ctools/avr-gcc_12.1.0_64bit/bin/../lib/gcc/avr/12.1.0/../../../../avr/lib/avr5\libm.a(fp_inf.o)
                0x0000000000000500                __fp_inf
 .text.avr-libc.fplib
                0x000000000000050c        0x6 c:/ctools/avr-gcc_12.1.0_64bit/bin/../lib/gcc/avr/12.1.0/../../../../avr/lib/avr5\libm.a(fp_nan.o)
                0x000000000000050c                __fp_nan
 .text.avr-libc.fplib
                0x0000000000000512        0xe c:/ctools/avr-gcc_12.1.0_64bit/bin/../lib/gcc/avr/12.1.0/../../../../avr/lib/avr5\libm.a(fp_pscA.o)
                0x0000000000000512                __fp_pscA
 .text.avr-libc.fplib
                0x0000000000000520        0xe c:/ctools/avr-gcc_12.1.0_64bit/bin/../lib/gcc/avr/12.1.0/../../../../avr/lib/avr5\libm.a(fp_pscB.o)
                0x0000000000000520                __fp_pscB
 .text.avr-libc.fplib
                0x000000000000052e       0x22 c:/ctools/avr-gcc_12.1.0_64bit/bin/../lib/gcc/avr/12.1.0/../../../../avr/lib/avr5\libm.a(fp_round.o)
                0x000000000000052e                __fp_round
                0x0000000000000550                . = ALIGN (0x2)
 *(.fini9)
 .fini9         0x0000000000000550        0x0 c:/ctools/avr-gcc_12.1.0_64bit/bin/../lib/gcc/avr/12.1.0/avr5\libgcc.a(_exit.o)
                0x0000000000000550                _exit
                0x0000000000000550                exit
 *(.fini9)
 *(.fini8)
 *(.fini8)
 *(.fini7)
 *(.fini7)
 *(.fini6)
 *(.fini6)
 *(.fini5)
 *(.fini5)
 *(.fini4)
 *(.fini4)
 *(.fini3)
 *(.fini3)
 *(.fini2)
 *(.fini2)
 *(.fini1)
 *(.fini1)
 *(.fini0)
 .fini0         0x0000000000000550        0x4 c:/ctools/avr-gcc_12.1.0_64bit/bin/../lib/gcc/avr/12.1.0/avr5\libgcc.a(_exit.o)
 *(.fini0)
 *(.hightext)
 *(.hightext*)
 *(.progmemx.*)
                0x0000000000000554                . = ALIGN (0x2)
 *(.jumptables)
 *(.jumptables*)
                0x0000000000000554                _etext = .

.data           0x0000000000800100        0x0 load address 0x0000000000000554
                [!provide]                        PROVIDE (__data_start = .)
 *(.data)
 .data          0x0000000000800100        0x0 c:/ctools/avr-gcc_12.1.0_64bit/bin/../lib/gcc/avr/12.1.0/../../../../avr/lib/avr5/crtatmega328p.o
 .data          0x0000000000800100        0x0 ./main.o
 .data          0x0000000000800100        0x0 c:/ctools/avr-gcc_12.1.0_64bit/bin/../lib/gcc/avr/12.1.0/avr5\libgcc.a(_exit.o)
 .data          0x0000000000800100        0x0 c:/ctools/avr-gcc_12.1.0_64bit/bin/../lib/gcc/avr/12.1.0/../../../../avr/lib/avr5\libm.a(cmpsf2.o)
 .data          0x0000000000800100        0x0 c:/ctools/avr-gcc_12.1.0_64bit/bin/../lib/gcc/avr/12.1.0/../../../../avr/lib/avr5\libm.a(fixunssfsi.o)
 .data          0x0000000000800100        0x0 c:/ctools/avr-gcc_12.1.0_64bit/bin/../lib/gcc/avr/12.1.0/../../../../avr/lib/avr5\libm.a(fp_cmp.o)
 .data          0x0000000000800100        0x0 c:/ctools/avr-gcc_12.1.0_64bit/bin/../lib/gcc/avr/12.1.0/../../../../avr/lib/avr5\libm.a(fp_split3.o)
 .data          0x0000000000800100        0x0 c:/ctools/avr-gcc_12.1.0_64bit/bin/../lib/gcc/avr/12.1.0/../../../../avr/lib/avr5\libm.a(fp_zero.o)
 .data          0x0000000000800100        0x0 c:/ctools/avr-gcc_12.1.0_64bit/bin/../lib/gcc/avr/12.1.0/../../../../avr/lib/avr5\libm.a(gesf2.o)
 .data          0x0000000000800100        0x0 c:/ctools/avr-gcc_12.1.0_64bit/bin/../lib/gcc/avr/12.1.0/../../../../avr/lib/avr5\libm.a(mulsf3.o)
 .data          0x0000000000800100        0x0 c:/ctools/avr-gcc_12.1.0_64bit/bin/../lib/gcc/avr/12.1.0/../../../../avr/lib/avr5\libm.a(mulsf3x.o)
 .data          0x0000000000800100        0x0 c:/ctools/avr-gcc_12.1.0_64bit/bin/../lib/gcc/avr/12.1.0/../../../../avr/lib/avr5\libm.a(fp_inf.o)
 .data          0x0000000000800100        0x0 c:/ctools/avr-gcc_12.1.0_64bit/bin/../lib/gcc/avr/12.1.0/../../../../avr/lib/avr5\libm.a(fp_nan.o)
 .data          0x0000000000800100        0x0 c:/ctools/avr-gcc_12.1.0_64bit/bin/../lib/gcc/avr/12.1.0/../../../../avr/lib/avr5\libm.a(fp_pscA.o)
 .data          0x0000000000800100        0x0 c:/ctools/avr-gcc_12.1.0_64bit/bin/../lib/gcc/avr/12.1.0/../../../../avr/lib/avr5\libm.a(fp_pscB.o)
 .data          0x0000000000800100        0x0 c:/ctools/avr-gcc_12.1.0_64bit/bin/../lib/gcc/avr/12.1.0/../../../../avr/lib/avr5\libm.a(fp_round.o)
 *(.data*)
 *(.gnu.linkonce.d*)
 *(.rodata)
 *(.rodata*)
 *(.gnu.linkonce.r*)
                0x0000000000800100                . = ALIGN (0x2)
                0x0000000000800100                _edata = .
                [!provide]                        PROVIDE (__data_end = .)

.bss            0x0000000000800100        0x0
                [!provide]                        PROVIDE (__bss_start = .)
 *(.bss)
 .bss           0x0000000000800100        0x0 c:/ctools/avr-gcc_12.1.0_64bit/bin/../lib/gcc/avr/12.1.0/../../../../avr/lib/avr5/crtatmega328p.o
 .bss           0x0000000000800100        0x0 ./main.o
 .bss           0x0000000000800100        0x0 c:/ctools/avr-gcc_12.1.0_64bit/bin/../lib/gcc/avr/12.1.0/avr5\libgcc.a(_exit.o)
 .bss           0x0000000000800100        0x0 c:/ctools/avr-gcc_12.1.0_64bit/bin/../lib/gcc/avr/12.1.0/../../../../avr/lib/avr5\libm.a(cmpsf2.o)
 .bss           0x0000000000800100        0x0 c:/ctools/avr-gcc_12.1.0_64bit/bin/../lib/gcc/avr/12.1.0/../../../../avr/lib/avr5\libm.a(fixunssfsi.o)
 .bss           0x0000000000800100        0x0 c:/ctools/avr-gcc_12.1.0_64bit/bin/../lib/gcc/avr/12.1.0/../../../../avr/lib/avr5\libm.a(fp_cmp.o)
 .bss           0x0000000000800100        0x0 c:/ctools/avr-gcc_12.1.0_64bit/bin/../lib/gcc/avr/12.1.0/../../../../avr/lib/avr5\libm.a(fp_split3.o)
 .bss           0x0000000000800100        0x0 c:/ctools/avr-gcc_12.1.0_64bit/bin/../lib/gcc/avr/12.1.0/../../../../avr/lib/avr5\libm.a(fp_zero.o)
 .bss           0x0000000000800100        0x0 c:/ctools/avr-gcc_12.1.0_64bit/bin/../lib/gcc/avr/12.1.0/../../../../avr/lib/avr5\libm.a(gesf2.o)
 .bss           0x0000000000800100        0x0 c:/ctools/avr-gcc_12.1.0_64bit/bin/../lib/gcc/avr/12.1.0/../../../../avr/lib/avr5\libm.a(mulsf3.o)
 .bss           0x0000000000800100        0x0 c:/ctools/avr-gcc_12.1.0_64bit/bin/../lib/gcc/avr/12.1.0/../../../../avr/lib/avr5\libm.a(mulsf3x.o)
 .bss           0x0000000000800100        0x0 c:/ctools/avr-gcc_12.1.0_64bit/bin/../lib/gcc/avr/12.1.0/../../../../avr/lib/avr5\libm.a(fp_inf.o)
 .bss           0x0000000000800100        0x0 c:/ctools/avr-gcc_12.1.0_64bit/bin/../lib/gcc/avr/12.1.0/../../../../avr/lib/avr5\libm.a(fp_nan.o)
 .bss           0x0000000000800100        0x0 c:/ctools/avr-gcc_12.1.0_64bit/bin/../lib/gcc/avr/12.1.0/../../../../avr/lib/avr5\libm.a(fp_pscA.o)
 .bss           0x0000000000800100        0x0 c:/ctools/avr-gcc_12.1.0_64bit/bin/../lib/gcc/avr/12.1.0/../../../../avr/lib/avr5\libm.a(fp_pscB.o)
 .bss           0x0000000000800100        0x0 c:/ctools/avr-gcc_12.1.0_64bit/bin/../lib/gcc/avr/12.1.0/../../../../avr/lib/avr5\libm.a(fp_round.o)
 *(.bss*)
 *(COMMON)
                [!provide]                        PROVIDE (__bss_end = .)
                0x0000000000000554                __data_load_start = LOADADDR (.data)
                0x0000000000000554                __data_load_end = (__data_load_start + SIZEOF (.data))

.noinit         0x0000000000800100        0x0
                [!provide]                        PROVIDE (__noinit_start = .)
 *(.noinit .noinit.* .gnu.linkonce.n.*)
                [!provide]                        PROVIDE (__noinit_end = .)
                0x0000000000800100                _end = .
                [!provide]                        PROVIDE (__heap_start = .)

.eeprom         0x0000000000810000        0x0
 *(.eeprom*)
                0x0000000000810000                __eeprom_end = .

.fuse
 *(.fuse)
 *(.lfuse)
 *(.hfuse)
 *(.efuse)

.lock
 *(.lock*)

.signature
 *(.signature*)

.stab           0x0000000000000000      0x2ac
 *(.stab)
 .stab          0x0000000000000000      0x2ac ./main.o

.stabstr        0x0000000000000000       0xfb
 *(.stabstr)
 .stabstr       0x0000000000000000       0xfb ./main.o

.stab.excl
 *(.stab.excl)

.stab.exclstr
 *(.stab.exclstr)

.stab.index
 *(.stab.index)

.stab.indexstr
 *(.stab.indexstr)

.comment        0x0000000000000000       0x12
 *(.comment)
 .comment       0x0000000000000000       0x12 ./main.o
                                         0x13 (size before relaxing)

.note.gnu.avr.deviceinfo
                0x0000000000000000       0x40
 .note.gnu.avr.deviceinfo
                0x0000000000000000       0x40 c:/ctools/avr-gcc_12.1.0_64bit/bin/../lib/gcc/avr/12.1.0/../../../../avr/lib/avr5/crtatmega328p.o

.note.gnu.build-id
 *(.note.gnu.build-id)

.debug
 *(.debug)

.line
 *(.line)

.debug_srcinfo
 *(.debug_srcinfo)

.debug_sfnames
 *(.debug_sfnames)

.debug_aranges  0x0000000000000000       0x20
 *(.debug_aranges)
 .debug_aranges
                0x0000000000000000       0x20 c:/ctools/avr-gcc_12.1.0_64bit/bin/../lib/gcc/avr/12.1.0/avr5\libgcc.a(_exit.o)

.debug_pubnames
 *(.debug_pubnames)

.debug_info     0x0000000000000000      0x618
 *(.debug_info .gnu.linkonce.wi.*)
 .debug_info    0x0000000000000000      0x5f4 c:/ctools/avr-gcc_12.1.0_64bit/bin/../lib/gcc/avr/12.1.0/../../../../avr/lib/avr5/crtatmega328p.o
 .debug_info    0x00000000000005f4       0x24 c:/ctools/avr-gcc_12.1.0_64bit/bin/../lib/gcc/avr/12.1.0/avr5\libgcc.a(_exit.o)

.debug_abbrev   0x0000000000000000      0x5b6
 *(.debug_abbrev)
 .debug_abbrev  0x0000000000000000      0x5a2 c:/ctools/avr-gcc_12.1.0_64bit/bin/../lib/gcc/avr/12.1.0/../../../../avr/lib/avr5/crtatmega328p.o
 .debug_abbrev  0x00000000000005a2       0x14 c:/ctools/avr-gcc_12.1.0_64bit/bin/../lib/gcc/avr/12.1.0/avr5\libgcc.a(_exit.o)

.debug_line     0x0000000000000000       0x6e
 *(.debug_line .debug_line.* .debug_line_end)
 .debug_line    0x0000000000000000       0x1d c:/ctools/avr-gcc_12.1.0_64bit/bin/../lib/gcc/avr/12.1.0/../../../../avr/lib/avr5/crtatmega328p.o
 .debug_line    0x000000000000001d       0x51 c:/ctools/avr-gcc_12.1.0_64bit/bin/../lib/gcc/avr/12.1.0/avr5\libgcc.a(_exit.o)

.debug_frame
 *(.debug_frame)

.debug_str      0x0000000000000000      0x26a
 *(.debug_str)
 .debug_str     0x0000000000000000      0x20b c:/ctools/avr-gcc_12.1.0_64bit/bin/../lib/gcc/avr/12.1.0/../../../../avr/lib/avr5/crtatmega328p.o
 .debug_str     0x000000000000020b       0x5f c:/ctools/avr-gcc_12.1.0_64bit/bin/../lib/gcc/avr/12.1.0/avr5\libgcc.a(_exit.o)

.debug_loc
 *(.debug_loc)

.debug_macinfo
 *(.debug_macinfo)

.debug_weaknames
 *(.debug_weaknames)

.debug_funcnames
 *(.debug_funcnames)

.debug_typenames
 *(.debug_typenames)

.debug_varnames
 *(.debug_varnames)

.debug_pubtypes
 *(.debug_pubtypes)

.debug_ranges
 *(.debug_ranges)

.debug_addr
 *(.debug_addr)

.debug_line_str
                0x0000000000000000       0x53
 *(.debug_line_str)
 .debug_line_str
                0x0000000000000000       0x53 c:/ctools/avr-gcc_12.1.0_64bit/bin/../lib/gcc/avr/12.1.0/avr5\libgcc.a(_exit.o)
                                         0x5f (size before relaxing)

.debug_loclists
 *(.debug_loclists)

.debug_macro
 *(.debug_macro)

.debug_names
 *(.debug_names)

.debug_rnglists
 *(.debug_rnglists)

.debug_str_offsets
 *(.debug_str_offsets)

.debug_sup
 *(.debug_sup)
OUTPUT(0000_TestUNO.elf elf32-avr)
LOAD linker stubs
